
============================================================
  Review Decisions Run: 2026-08-06 12:00:12
============================================================

[GIT] Pulling latest from GitHub...
   [OK] Already up to date.

[SYNC] Starting Google Form → job_decisions.json sync...
[SYNC] Loaded 245 archived job slots from today_jobs_run_*.json files (token sync)
[SYNC] Loaded 143 archived job slots from today_jobs_*.json files (legacy fallback)
[SYNC] Sheet headers: ['Timestamp', 'Job Number', 'Decision', 'Reason for not Applying (Other)', 'Job Token', 'Column 1', 'Question 1: Job Number', 'Decision', 'Reason for Not Applying (Other)', 'Question 1: Job Number', 'Question 1: Job Number']
[SYNC] 483 form response rows found
[SYNC] Parsed 0 valid form responses
[SYNC] No responses to sync — skipping.
[SYNC] 0 new decisions added from Google Form, 0 already present
[OK] Found 3 unreviewed 'Other' decision(s) in job_decisions.json
   [OK] Attached job_decisions_2026-08-06.json (backup)
[OK] Review email sent to harichardson68@gmail.com
[OK] Marked 3 entry/entries as reviewed in job_decisions.json
[GIT] Committing and pushing updated job_decisions.json...
   [OK] Pushed: 'Review decisions sent — items marked reviewed — 2026-08-06'

[DONE] Review run completed at 2026-08-06 12:00:24
